
Allocating common symbols
Common symbol       size              file

netbufpool          0x4               binaries/net.o
readylist           0x2               binaries/ready.o
rfltab              0x5a0             binaries/rflinit.o
netportseed         0x8               binaries/net.o
sleepq              0x2               binaries/clkinit.o
nnames              0x4               binaries/naminit.o
udptab              0x168             binaries/udp.o
minheap             0x4               binaries/meminit.o
marks               0x50              binaries/mark.o
currpid             0x4               binaries/initialize.o
Lf_data             0x20c             binaries/lfsinit.o
porttab             0x2d0             binaries/ptinit.o
girmask             0x2               binaries/evec.o
ttytab              0x110             binaries/ttyinit.o
proctab             0x15e0            binaries/initialize.o
prcount             0x4               binaries/initialize.o
lfltab              0xf00             binaries/lflinit.o
rdstab              0x8c              binaries/rdsinit.o
ethertab            0x138             binaries/ethinit.o
NetData             0xb0              binaries/net.o
nmarks              0x4               binaries/mark.o
Defer               0x8               binaries/resched.o
semtab              0x4b0             binaries/initialize.o
maxheap             0x4               binaries/meminit.o
preempt             0x4               binaries/clkinit.o
buftab              0xf0              binaries/bufinit.o
Rf_data             0x18              binaries/rfsinit.o
mkmutex             0x4               binaries/mark.o
clktime             0x4               binaries/clkinit.o
arpcache            0x140             binaries/arp.o
icmptab             0x230             binaries/icmp.o
nbpools             0x4               binaries/bufinit.o
queuetab            0x980             binaries/queue.o
ptnextid            0x4               binaries/ptinit.o
Ram                 0x19000           binaries/raminit.o
ipoqueue            0x2c              binaries/ip.o
memlist             0x8               binaries/initialize.o
nametab             0x19a0            binaries/naminit.o
ptfree              0x4               binaries/ptinit.o

Discarded input sections

 .group         0x0000000000000000        0x8 binaries/ascdate.o
 .group         0x0000000000000000        0x8 binaries/bufinit.o
 .group         0x0000000000000000        0x8 binaries/chprio.o
 .group         0x0000000000000000        0x8 binaries/clkhandler.o
 .text.__x86.get_pc_thunk.bx
                0x0000000000000000        0x4 binaries/clkhandler.o
 .group         0x0000000000000000        0x8 binaries/clkinit.o
 .text.__x86.get_pc_thunk.bx
                0x0000000000000000        0x4 binaries/clkinit.o
 .group         0x0000000000000000        0x8 binaries/close.o
 .text.__x86.get_pc_thunk.bx
                0x0000000000000000        0x4 binaries/close.o
 .group         0x0000000000000000        0x8 binaries/control.o
 .text.__x86.get_pc_thunk.bx
                0x0000000000000000        0x4 binaries/control.o
 .group         0x0000000000000000        0x8 binaries/create.o
 .group         0x0000000000000000        0x8 binaries/create.o
 .text.__x86.get_pc_thunk.cx
                0x0000000000000000        0x4 binaries/create.o
 .text.__x86.get_pc_thunk.bx
                0x0000000000000000        0x4 binaries/create.o
 .group         0x0000000000000000        0x8 binaries/early_imr.o
 .group         0x0000000000000000        0x8 binaries/early_imr.o
 .text.__x86.get_pc_thunk.ax
                0x0000000000000000        0x4 binaries/early_imr.o
 .text.__x86.get_pc_thunk.bx
                0x0000000000000000        0x4 binaries/early_imr.o
 .group         0x0000000000000000        0x8 binaries/evec.o
 .group         0x0000000000000000        0x8 binaries/evec.o
 .text.__x86.get_pc_thunk.ax
                0x0000000000000000        0x4 binaries/evec.o
 .text.__x86.get_pc_thunk.bx
                0x0000000000000000        0x4 binaries/evec.o
 .group         0x0000000000000000        0x8 binaries/exit.o
 .text.__x86.get_pc_thunk.bx
                0x0000000000000000        0x4 binaries/exit.o
 .group         0x0000000000000000        0x8 binaries/freebuf.o
 .text.__x86.get_pc_thunk.bx
                0x0000000000000000        0x4 binaries/freebuf.o
 .group         0x0000000000000000        0x8 binaries/freemem.o
 .text.__x86.get_pc_thunk.bx
                0x0000000000000000        0x4 binaries/freemem.o
 .group         0x0000000000000000        0x8 binaries/getbuf.o
 .text.__x86.get_pc_thunk.bx
                0x0000000000000000        0x4 binaries/getbuf.o
 .group         0x0000000000000000        0x8 binaries/getc.o
 .text.__x86.get_pc_thunk.bx
                0x0000000000000000        0x4 binaries/getc.o
 .group         0x0000000000000000        0x8 binaries/getdev.o
 .text.__x86.get_pc_thunk.bx
[...]
Memory Configuration

Name             Origin             Length             Attributes
*default*        0x0000000000000000 0xffffffffffffffff

Linker script and memory map

                0x0000000000100000                physbase = 0x100000
                0x0000000000100000                . = physbase
                0x0000000000100000                . = ALIGN (0x1000)

.text           0x0000000000100000    0x1c000
                0x0000000000100000                text = ABSOLUTE (.)
 *(.text .text.*)
 .text          0x0000000000100000      0x1b4 binaries/start.o
                0x0000000000100024                start
                0x00000000001000f6                inb
                0x00000000001000fe                inw
                0x0000000000100107                inl
                0x000000000010010f                outb
                0x0000000000100119                outw
                0x0000000000100124                outl
                0x000000000010012e                _rtcin
                0x0000000000100139                ___udivsi3
                0x0000000000100144                ___divsi3
                0x0000000000100150                sbzero
                0x0000000000100160                insw
                0x0000000000100176                outsw
                0x000000000010018c                bcopy
                0x00000000001001a0                lidt
                0x00000000001001a8                cpuid
 .text          0x00000000001001b4      0x404 binaries/ascdate.o
                0x00000000001001b4                ascdate
 .text.__x86.get_pc_thunk.cx
                0x00000000001005b8        0x4 binaries/ascdate.o
                0x00000000001005b8                __x86.get_pc_thunk.cx
 .text          0x00000000001005bc       0x20 binaries/bufinit.o
                0x00000000001005bc                bufinit
 .text.__x86.get_pc_thunk.ax
                0x00000000001005dc        0x4 binaries/bufinit.o
                0x00000000001005dc                __x86.get_pc_thunk.ax
 .text          0x00000000001005e0       0xc2 binaries/chprio.o
                0x00000000001005e0                chprio
 .text.__x86.get_pc_thunk.bx
                0x00000000001006a2        0x4 binaries/chprio.o
                0x00000000001006a2                __x86.get_pc_thunk.bx
 .text          0x00000000001006a6       0xd7 binaries/clkhandler.o
                0x00000000001006a6                clkhandler
 .text          0x000000000010077d       0x95 binaries/clkinit.o
                0x000000000010077d                clkinit
 .text          0x0000000000100812       0x86 binaries/close.o
                0x0000000000100812                close
 .text          0x0000000000100898        0x0 binaries/conf.o
 .text          0x0000000000100898       0x8c binaries/control.o
                0x0000000000100898                control
 .text          0x0000000000100924      0x2ef binaries/create.o
                0x0000000000100924                create
 .text          0x0000000000100c13      0x30e binaries/early_imr.o
                0x0000000000100c13                intel_cln_early_sb_read_reg
                0x0000000000100ca4                intel_cln_early_sb_write_reg
                0x0000000000100e83                remove_irm_protections
 .text          0x0000000000100f21      0x505 binaries/evec.o
                0x0000000000100f21                initevec
                0x0000000000101032                set_evec
                0x00000000001010f0                setirmask
                0x0000000000101162                trap
 .text          0x0000000000101426       0x29 binaries/exit.o
                0x0000000000101426                exit
 .text          0x000000000010144f       0xa1 binaries/freebuf.o
                0x000000000010144f                freebuf
 .text          0x00000000001014f0      0x195 binaries/freemem.o
                0x00000000001014f0                freemem
 .text          0x0000000000101685       0x9f binaries/getbuf.o
                0x0000000000101685                getbuf
 .text          0x0000000000101724       0x86 binaries/getc.o
                0x0000000000101724                getc
 .text          0x00000000001017aa       0x86 binaries/getdev.o
                0x00000000001017aa                getdev
 .text          0x0000000000101830      0x111 binaries/getitem.o
                0x0000000000101830                getfirst
                0x0000000000101886                getlast
                0x00000000001018de                getitem
 .text.__x86.get_pc_thunk.dx
                0x0000000000101941        0x4 binaries/getitem.o
                0x0000000000101941                __x86.get_pc_thunk.dx
 .text          0x0000000000101945      0x132 binaries/getmem.o
                0x0000000000101945                getmem
 .text          0x0000000000101a77       0x17 binaries/getpid.o
                0x0000000000101a77                getpid
 .text          0x0000000000101a8e       0x8e binaries/getppid.o
                0x0000000000101a8e                getppid
 .text          0x0000000000101b1c       0x8c binaries/getprio.o
                0x0000000000101b1c                getprio
 .text          0x0000000000101ba8      0x119 binaries/getstk.o
                0x0000000000101ba8                getstk
 .text          0x0000000000101cc1       0x20 binaries/getticks.o
                0x0000000000101cc1                getticks
 .text          0x0000000000101ce1       0x4a binaries/gettime.o
                0x0000000000101ce1                gettime
 .text          0x0000000000101d2b       0x17 binaries/gettmslice.o
                0x0000000000101d2b                gettmslice
 .text          0x0000000000101d42      0x21c binaries/getutime.o
                0x0000000000101d42                getutime
 .text          0x0000000000101f5e       0x86 binaries/init.o
                0x0000000000101f5e                init
 .text          0x0000000000101fe4      0x3b6 binaries/initialize.o
                0x0000000000101fe4                nulluser
                0x0000000000102327                stop
                0x0000000000102362                delay
 .text          0x000000000010239a      0x105 binaries/insert.o
                0x000000000010239a                insert
 .text          0x000000000010249f      0x13e binaries/insertd.o
                0x000000000010249f                insertd
 .text          0x00000000001025dd       0x14 binaries/ioerr.o
                0x00000000001025dd                ioerr
 .text          0x00000000001025f1       0x14 binaries/ionull.o
                0x00000000001025f1                ionull
 .text          0x0000000000102605      0x1c8 binaries/kill.o
                0x0000000000102605                kill
 .text          0x00000000001027cd      0x16c binaries/kprintf.o
                0x00000000001027cd                kputc
                0x0000000000102869                kgetc
                0x00000000001028fd                kprintf
 .text          0x0000000000102939      0x18f binaries/main.o
                0x0000000000102939                main
                0x0000000000102a64                sndch
 .text          0x0000000000102ac8       0xf0 binaries/mark.o
                0x0000000000102ac8                markinit
                0x0000000000102b03                mark
 .text          0x0000000000102bb8      0x32d binaries/meminit.o
                0x0000000000102bb8                meminit
                0x0000000000102e22                setsegs
 .text          0x0000000000102ee5      0x194 binaries/mkbufpool.o
                0x0000000000102ee5                mkbufpool
 .text          0x0000000000103079       0x2b binaries/mymotd.o
                0x0000000000103079                mymotd
 .text          0x00000000001030a4       0xbb binaries/newqueue.o
                0x00000000001030a4                newqueue
 .text          0x000000000010315f       0x8c binaries/open.o
                0x000000000010315f                open
 .text          0x00000000001031eb       0x2e binaries/panic.o
                0x00000000001031eb                panic
 .text          0x0000000000103219      0x4a7 binaries/pci.o
                0x0000000000103219                pci_init
                0x00000000001032df                find_pci_device
                0x00000000001033d0                pci_read_config_byte
                0x0000000000103438                pci_read_config_word
                0x00000000001034a2                pci_read_config_dword
                0x000000000010350a                pci_write_config_byte
                0x0000000000103576                pci_write_config_word
                0x00000000001035e4                pci_write_config_dword
                0x000000000010364a                pci_get_dev_mmio_base_addr
 .text          0x00000000001036c0      0x10a binaries/platinit.o
                0x00000000001036c0                cpu_is_quark
                0x00000000001036ee                console_init
                0x000000000010374b                platinit
 .text          0x00000000001037ca      0x105 binaries/ptclear.o
                0x00000000001037ca                _ptclear
 .text          0x00000000001038cf       0xaf binaries/ptcount.o
                0x00000000001038cf                ptcount
 .text          0x000000000010397e      0x138 binaries/ptcreate.o
                0x000000000010397e                ptcreate
 .text          0x0000000000103ab6       0x94 binaries/ptdelete.o
                0x0000000000103ab6                ptdelete
 .text          0x0000000000103b4a       0xe7 binaries/ptinit.o
                0x0000000000103b4a                ptinit
 .text          0x0000000000103c31      0x135 binaries/ptrecv.o
                0x0000000000103c31                ptrecv
 .text          0x0000000000103d66       0x89 binaries/ptreset.o
                0x0000000000103d66                ptreset
 .text          0x0000000000103def      0x15a binaries/ptsend.o
                0x0000000000103def                ptsend
 .text          0x0000000000103f49       0x91 binaries/putc.o
                0x0000000000103f49                putc
 .text          0x0000000000103fda       0xdb binaries/quark_irq.o
                0x0000000000103fda                quark_irq_routing
 .text          0x00000000001040b5      0x20f binaries/quark_pdat.o
                0x00000000001040b5                get_quark_pdat_entry_data_by_id
                0x00000000001041b7                get_quark_pdat_entry_data_by_desc
 .text          0x00000000001042c4      0x146 binaries/queue.o
                0x00000000001042c4                enqueue
                0x0000000000104385                dequeue
 .text          0x000000000010440a      0x2fd binaries/rcreate.o
                0x000000000010440a                rcreate
 .text          0x0000000000104707       0x8c binaries/read.o
                0x0000000000104707                read
 .text          0x0000000000104793       0x8c binaries/ready.o
                0x0000000000104793                ready
 .text          0x000000000010481f       0x74 binaries/receive.o
                0x000000000010481f                receive
 .text          0x0000000000104893       0x70 binaries/recvclr.o
                0x0000000000104893                recvclr
 .text          0x0000000000104903       0xd5 binaries/recvtime.o
                0x0000000000104903                recvtime
 .text          0x00000000001049d8      0x1ce binaries/resched.o
                0x00000000001049d8                resched
                0x0000000000104b08                resched_cntl
 .text          0x0000000000104ba6       0xbf binaries/resume.o
                0x0000000000104ba6                resume
 .text          0x0000000000104c65       0x8a binaries/seek.o
                0x0000000000104c65                seek
 .text          0x0000000000104cef       0x87 binaries/semcount.o
                0x0000000000104cef                semcount
 .text          0x0000000000104d76      0x100 binaries/semcreate.o
                0x0000000000104d76                semcreate
 .text          0x0000000000104e76       0xdf binaries/semdelete.o
                0x0000000000104e76                semdelete
 .text          0x0000000000104f55       0xe3 binaries/semreset.o
                0x0000000000104f55                semreset
 .text          0x0000000000105038       0xfb binaries/send.o
                0x0000000000105038                send
 .text          0x0000000000105133       0xba binaries/signal.o
                0x0000000000105133                signal
 .text          0x00000000001051ed       0xe8 binaries/signaln.o
                0x00000000001051ed                signaln
 .text          0x00000000001052d5      0x10e binaries/sleep.o
                0x00000000001052d5                sleep
                0x000000000010532d                sleepms
 .text          0x00000000001053e3       0xf5 binaries/suspend.o
                0x00000000001053e3                suspend
 .text          0x00000000001054d8      0x100 binaries/unsleep.o
                0x00000000001054d8                unsleep
 .text          0x00000000001055d8       0x29 binaries/userret.o
                0x00000000001055d8                userret
 .text          0x0000000000105601       0xf5 binaries/wait.o
                0x0000000000105601                wait
 .text          0x00000000001056f6       0x98 binaries/wakeup.o
                0x00000000001056f6                wakeup
 .text          0x000000000010578e       0x28 binaries/wgetpid.o
                0x000000000010578e                wgetpid
 .text          0x00000000001057b6       0x2b binaries/wgetppid.o
                0x00000000001057b6                wgetppid
 .text          0x00000000001057e1       0x32 binaries/wgetprio.o
                0x00000000001057e1                wgetprio
 .text          0x0000000000105813       0x8c binaries/write.o
                0x0000000000105813                write
 .text          0x000000000010589f       0x2f binaries/xdone.o
                0x000000000010589f                xdone
 .text          0x00000000001058ce       0x37 binaries/yield.o
                0x00000000001058ce                yield
 .text          0x0000000000105905       0x1b binaries/abs.o
                0x0000000000105905                abs
 .text          0x0000000000105920       0x99 binaries/atoi.o
                0x0000000000105920                atoi
 .text          0x00000000001059b9       0x99 binaries/atol.o
                0x00000000001059b9                atol
 .text          0x0000000000105a52       0x3c binaries/bzero.o
                0x0000000000105a52                bzero
 .text          0x0000000000105a8e        0x0 binaries/ctype_.o
 .text          0x0000000000105a8e      0x94d binaries/doprnt.o
                0x0000000000105a8e                _doprnt
 .text          0x00000000001063db      0x6cb binaries/doscan.o
                0x00000000001063db                _doscan
 .text.__x86.get_pc_thunk.di
                0x0000000000106aa6        0x4 binaries/doscan.o
                0x0000000000106aa6                __x86.get_pc_thunk.di
 .text          0x0000000000106aaa      0x76a binaries/fdoprnt.o
                0x0000000000106aaa                _fdoprnt
 .text          0x0000000000107214       0x39 binaries/fgetc.o
                0x0000000000107214                fgetc
 .text          0x000000000010724d       0x84 binaries/fgets.o
                0x000000000010724d                fgets
 .text          0x00000000001072d1       0x3c binaries/fprintf.o
                0x00000000001072d1                fprintf
 .text          0x000000000010730d       0x3c binaries/fputc.o
                0x000000000010730d                fputc
 .text          0x0000000000107349       0x52 binaries/fputs.o
                0x0000000000107349                fputs
 .text          0x000000000010739b       0xb8 binaries/fscanf.o
                0x000000000010739b                fscanf
 .text          0x0000000000107453       0x46 binaries/getchar.o
                0x0000000000107453                getchar
 .text          0x0000000000107499       0x1b binaries/labs.o
                0x0000000000107499                labs
 .text          0x00000000001074b4        0x0 binaries/memchr.o
 .text          0x00000000001074b4       0x5b binaries/memcmp.o
                0x00000000001074b4                memcmp
 .text          0x000000000010750f       0x49 binaries/memcpy.o
                0x000000000010750f                memcpy
 .text          0x0000000000107558       0x3a binaries/memset.o
                0x0000000000107558                memset
 .text          0x0000000000107592       0x5e binaries/printf.o
                0x0000000000107592                printf
 .text          0x00000000001075f0       0x49 binaries/putchar.o
                0x00000000001075f0                putchar
 .text          0x0000000000107639      0x2b7 binaries/qsort.o
                0x0000000000107639                qsort
 .text          0x00000000001078f0       0x81 binaries/rand.o
                0x00000000001078f0                rand
                0x0000000000107914                rand_r
                0x0000000000107958                srand
 .text          0x0000000000107971       0x82 binaries/sprintf.o
                0x0000000000107971                sprintf
 .text          0x00000000001079f3       0x98 binaries/sscanf.o
                0x00000000001079f3                sscanf
 .text          0x0000000000107a8b       0x46 binaries/strchr.o
                0x0000000000107a8b                strchr
 .text          0x0000000000107ad1       0x4f binaries/strcmp.o
                0x0000000000107ad1                strcmp
 .text          0x0000000000107b20       0x31 binaries/strcpy.o
                0x0000000000107b20                strcpy
 .text          0x0000000000107b51       0x30 binaries/strlen.o
                0x0000000000107b51                strlen
 .text          0x0000000000107b81       0x60 binaries/strncat.o
                0x0000000000107b81                strncat
 .text          0x0000000000107be1       0x68 binaries/strncmp.o
                0x0000000000107be1                strncmp
 .text          0x0000000000107c49       0x59 binaries/strncpy.o
                0x0000000000107c49                strncpy
 .text          0x0000000000107ca2       0x38 binaries/strnlen.o
                0x0000000000107ca2                strnlen
 .text          0x0000000000107cda       0x4f binaries/strrchr.o
                0x0000000000107cda                strrchr
 .text          0x0000000000107d29       0x78 binaries/strstr.o
                0x0000000000107d29                strstr
 .text          0x0000000000107da1       0xfb binaries/ttycontrol.o
                0x0000000000107da1                ttycontrol
 .text          0x0000000000107e9c       0xab binaries/ttygetc.o
                0x0000000000107e9c                ttygetc
 .text          0x0000000000107f47      0x713 binaries/ttyhandle_in.o
                0x0000000000107f47                ttyhandle_in
 .text          0x000000000010865a      0x197 binaries/ttyhandle_out.o
                0x000000000010865a                ttyhandle_out
 .text          0x00000000001087f1       0xcf binaries/ttyhandler.o
                0x00000000001087f1                ttyhandler
 .text          0x00000000001088c0      0x203 binaries/ttyinit.o
                0x00000000001088c0                ttyinit
 .text          0x0000000000108ac3       0x1a binaries/ttykickout.o
                0x0000000000108ac3                ttykickout
 .text          0x0000000000108add       0xc9 binaries/ttyputc.o
                0x0000000000108add                ttyputc
 .text          0x0000000000108ba6      0x12d binaries/ttyread.o
                0x0000000000108ba6                ttyread
 .text          0x0000000000108cd3       0x5c binaries/ttywrite.o
                0x0000000000108cd3                ttywrite
 .text          0x0000000000108d2f      0x174 binaries/mount.o
                0x0000000000108d2f                mount
                0x0000000000108e63                namlen
 .text          0x0000000000108ea3      0x220 binaries/naminit.o
                0x0000000000108ea3                naminit
 .text          0x00000000001090c3      0x243 binaries/nammap.o
                0x00000000001090c3                nammap
                0x0000000000109160                namrepl
                0x00000000001092ac                namcpy
 .text          0x0000000000109306       0x5d binaries/namopen.o
                0x0000000000109306                namopen
 .text          0x0000000000109363       0xa8 binaries/ethcontrol.o
                0x0000000000109363                ethcontrol
 .text          0x000000000010940b      0x19f binaries/ethhandler.o
                0x000000000010940b                ethhandler
 .text          0x00000000001095aa      0x770 binaries/ethinit.o
                0x00000000001095aa                eth_phy_read
                0x000000000010961e                eth_phy_write
                0x000000000010969d                eth_phy_reset
                0x00000000001097f1                ethinit
 .text.__x86.get_pc_thunk.si
                0x0000000000109d1a        0x4 binaries/ethinit.o
                0x0000000000109d1a                __x86.get_pc_thunk.si
 .text          0x0000000000109d1e      0x19c binaries/ethmcast.o
                0x0000000000109d1e                ethmcast_add
                0x0000000000109dab                ethmcast_remove
 .text          0x0000000000109eba      0x1a1 binaries/ethread.o
                0x0000000000109eba                ethread
 .text          0x000000000010a05b      0x10a binaries/ethwrite.o
                0x000000000010a05b                ethwrite
 .text          0x000000000010a165       0xaf binaries/rdsbufalloc.o
                0x000000000010a165                rdsbufalloc
 .text          0x000000000010a214       0xcf binaries/rdsclose.o
                0x000000000010a214                rdsclose
 .text          0x000000000010a2e3      0x304 binaries/rdscomm.o
                0x000000000010a2e3                rdscomm
 .text          0x000000000010a5e7      0x242 binaries/rdscontrol.o
                0x000000000010a5e7                rdscontrol
 .text          0x000000000010a829      0x204 binaries/rdsinit.o
                0x000000000010a829                rdsinit
 .text          0x000000000010aa2d      0x1a4 binaries/rdsopen.o
                0x000000000010aa2d                rdsopen
 .text          0x000000000010abd1      0x471 binaries/rdsprocess.o
                0x000000000010abd1                rdsprocess
 .text          0x000000000010b042      0x262 binaries/rdsread.o
                0x000000000010b042                rdsread
 .text          0x000000000010b2a4      0x202 binaries/rdswrite.o
                0x000000000010b2a4                rdswrite
 .text          0x000000000010b4a6       0x14 binaries/ramclose.o
                0x000000000010b4a6                ramclose
 .text          0x000000000010b4ba       0x58 binaries/raminit.o
                0x000000000010b4ba                raminit
 .text          0x000000000010b512       0x14 binaries/ramopen.o
                0x000000000010b512                ramopen
 .text          0x000000000010b526       0x47 binaries/ramread.o
                0x000000000010b526                ramread
 .text          0x000000000010b56d       0x47 binaries/ramwrite.o
                0x000000000010b56d                ramwrite
 .text          0x000000000010b5b4       0xc4 binaries/lfdballoc.o
                0x000000000010b5b4                lfdballoc
 .text          0x000000000010b678       0x6c binaries/lfdbfree.o
                0x000000000010b678                lfdbfree
 .text          0x000000000010b6e4       0xe0 binaries/lfflush.o
                0x000000000010b6e4                lfflush
 .text          0x000000000010b7c4       0xe2 binaries/lfgetmode.o
                0x000000000010b7c4                lfgetmode
 .text          0x000000000010b8a6       0x92 binaries/lfiballoc.o
                0x000000000010b8a6                lfiballoc
 .text          0x000000000010b938       0x45 binaries/lfibclear.o
                0x000000000010b938                lfibclear
 .text          0x000000000010b97d       0xbc binaries/lfibget.o
                0x000000000010b97d                lfibget
 .text          0x000000000010ba39       0xeb binaries/lfibput.o
                0x000000000010ba39                lfibput
 .text          0x000000000010bb24       0xbb binaries/lflclose.o
                0x000000000010bb24                lflclose
 .text          0x000000000010bbdf       0xef binaries/lflcontrol.o
                0x000000000010bbdf                lflcontrol
 .text          0x000000000010bcce      0x104 binaries/lflgetc.o
                0x000000000010bcce                lflgetc
 .text          0x000000000010bdd2      0x102 binaries/lflinit.o
                0x000000000010bdd2                lflinit
 .text          0x000000000010bed4      0x13a binaries/lflputc.o
                0x000000000010bed4                lflputc
 .text          0x000000000010c00e       0x7f binaries/lflread.o
                0x000000000010c00e                lflread
 .text          0x000000000010c08d       0xbe binaries/lflseek.o
                0x000000000010c08d                lflseek
 .text          0x000000000010c14b       0x64 binaries/lflwrite.o
                0x000000000010c14b                lflwrite
 .text          0x000000000010c1af       0x6c binaries/lfscheck.o
                0x000000000010c1af                lfscheck
 .text          0x000000000010c21b      0x194 binaries/lfsckfmt.o
                0x000000000010c21b                lfsckfmt
 .text          0x000000000010c3af      0x1be binaries/lfscreate.o
                0x000000000010c3af                lfscreate
 .text          0x000000000010c56d      0x2a3 binaries/lfsetup.o
                0x000000000010c56d                lfsetup
 .text          0x000000000010c810       0x81 binaries/lfsinit.o
                0x000000000010c810                lfsinit
 .text          0x000000000010c891      0x411 binaries/lfsopen.o
                0x000000000010c891                lfsopen
 .text          0x000000000010cca2      0x18a binaries/lftruncate.o
                0x000000000010cca2                lftruncate
 .text          0x000000000010ce2c       0x8f binaries/rflclose.o
                0x000000000010ce2c                rflclose
 .text          0x000000000010cebb       0x42 binaries/rflgetc.o
                0x000000000010cebb                rflgetc
 .text          0x000000000010cefd       0x86 binaries/rflinit.o
                0x000000000010cefd                rflinit
 .text          0x000000000010cf83       0x43 binaries/rflputc.o
                0x000000000010cf83                rflputc
 .text          0x000000000010cfc6      0x396 binaries/rflread.o
                0x000000000010cfc6                rflread
 .text          0x000000000010d35c       0x92 binaries/rflseek.o
                0x000000000010d35c                rflseek
 .text          0x000000000010d3ee      0x381 binaries/rflwrite.o
                0x000000000010d3ee                rflwrite
 .text          0x000000000010d76f      0x21d binaries/rfscomm.o
                0x000000000010d76f                rfscomm
 .text          0x000000000010d98c      0x2cc binaries/rfscontrol.o
                0x000000000010d98c                rfscontrol
 .text          0x000000000010dc58       0xe2 binaries/rfsgetmode.o
                0x000000000010dc58                rfsgetmode
 .text          0x000000000010dd3a       0xb5 binaries/rfsinit.o
                0x000000000010dd3a                rfsinit
 .text          0x000000000010ddef      0x122 binaries/rfsndmsg.o
                0x000000000010ddef                rfsndmsg
 .text          0x000000000010df11      0x2e3 binaries/rfsopen.o
                0x000000000010df11                rfsopen
 .text          0x000000000010e1f4      0x8e6 binaries/arp.o
                0x000000000010e1f4                arp_init
                0x000000000010e23a                arp_resolve
                0x000000000010e528                arp_in
                0x000000000010e80a                arp_alloc
                0x000000000010e8ec                arp_ntoh
                0x000000000010e9e3                arp_hton
 .text          0x000000000010eada      0x97b binaries/dhcp.o
                0x000000000010eada                dhcp_get_opt_val
                0x000000000010eb3d                dhcp_bld_bootp_msg
                0x000000000010ec64                dhcp_bld_disc
                0x000000000010ed57                dhcp_bld_req
                0x000000000010eeda                getlocalip
 .text          0x000000000010f455      0x5f4 binaries/dns.o
                0x000000000010f455                dnslookup
 .text          0x000000000010fa49       0xf4 binaries/dot2ip.o
                0x000000000010fa49                dot2ip
 .text          0x000000000010fb3d      0x528 binaries/hexdump.o
                0x000000000010fb3d                hexdump
                0x000000000010fd0b                hexadump
 .text          0x0000000000110065      0x939 binaries/icmp.o
                0x0000000000110065                icmp_init
                0x00000000001100ab                icmp_in
                0x000000000011028c                icmp_register
                0x0000000000110396                icmp_recv
                0x0000000000110534                icmp_send
                0x00000000001105c9                icmp_mkpkt
                0x00000000001106fd                icmp_release
                0x000000000011080a                icmp_cksum
                0x00000000001108a0                icmp_hton
                0x000000000011091f                icmp_ntoh
 .text          0x000000000011099e      0x96c binaries/ip.o
                0x000000000011099e                ip_in
                0x0000000000110b43                ip_send
                0x0000000000110cc5                ip_local
                0x0000000000110d26                ip_out
                0x0000000000110e6e                ipcksum
                0x0000000000110efe                ip_ntoh
                0x0000000000110ff5                ip_hton
                0x00000000001110ec                ipout
                0x0000000000111243                ip_enqueue
 .text          0x000000000011130a      0x337 binaries/net.o
                0x000000000011130a                net_init
                0x000000000011146a                netin
                0x0000000000111538                eth_hton
                0x000000000011156d                eth_ntoh
                0x00000000001115a2                getport
 .text          0x0000000000111641     0x15bc binaries/pdump.o
                0x0000000000111641                pdump
                0x0000000000112499                pdumph
 .text          0x0000000000112bfd      0x4ee binaries/tftp.o
                0x0000000000112bfd                tftp_send1
                0x0000000000112d90                tftpget
 .text          0x00000000001130eb      0xc36 binaries/udp.o
                0x00000000001130eb                udp_init
                0x0000000000113131                udp_in
                0x0000000000113284                udp_register
                0x00000000001133d3                udp_recv
                0x0000000000113582                udp_recvaddr
                0x0000000000113749                udp_send
                0x000000000011394c                udp_sendto
                0x0000000000113b17                udp_release
                0x0000000000113c23                udp_ntoh
                0x0000000000113ca2                udp_hton
 .text          0x0000000000113d21      0x14d binaries/addargs.o
                0x0000000000113d21                addargs
 .text          0x0000000000113e6e      0x2d1 binaries/lexan.o
                0x0000000000113e6e                lexan
 .text          0x000000000011413f      0x6dd binaries/shell.o
                0x000000000011413f                shell
 .text          0x000000000011481c       0x7e binaries/xsh_argecho.o
                0x000000000011481c                xsh_argecho
 .text          0x000000000011489a      0x2cc binaries/xsh_arp.o
                0x000000000011489a                xsh_arp
 .text          0x0000000000114b66      0x2ae binaries/xsh_cat.o
                0x0000000000114b66                xsh_cat
 .text          0x0000000000114e14       0x7a binaries/xsh_clear.o
                0x0000000000114e14                xsh_clear
 .text          0x0000000000114e8e      0x354 binaries/xsh_date.o
                0x0000000000114e8e                xsh_date
 .text          0x00000000001151e2       0xcb binaries/xsh_devdump.o
                0x00000000001151e2                xsh_devdump
 .text          0x00000000001152ad       0x87 binaries/xsh_echo.o
                0x00000000001152ad                xsh_echo
 .text          0x0000000000115334       0x14 binaries/xsh_exit.o
                0x0000000000115334                xsh_exit
 .text          0x0000000000115348      0x3e9 binaries/xsh_help.o
                0x0000000000115348                xsh_help
 .text          0x0000000000115731      0x287 binaries/xsh_kill.o
                0x0000000000115731                xsh_kill
 .text          0x00000000001159b8      0x5ad binaries/xsh_memdump.o
                0x00000000001159b8                xsh_memdump
 .text          0x0000000000115f65      0x316 binaries/xsh_memstat.o
                0x0000000000115f65                xsh_memstat
 .text          0x000000000011627b      0x5d5 binaries/xsh_netinfo.o
                0x000000000011627b                xsh_netinfo
 .text          0x0000000000116850      0x4e7 binaries/xsh_ping.o
                0x0000000000116850                xsh_ping
 .text          0x0000000000116d37      0x27c binaries/xsh_ps.o
                0x0000000000116d37                xsh_ps
 .text          0x0000000000116fb3      0x265 binaries/xsh_sleep.o
                0x0000000000116fb3                xsh_sleep
 .text          0x0000000000117218      0x2d8 binaries/xsh_udpdump.o
                0x0000000000117218                xsh_udpdump
 .text          0x00000000001174f0      0x532 binaries/xsh_udpecho.o
                0x00000000001174f0                xsh_udpecho
 .text          0x0000000000117a22      0x2fb binaries/xsh_udpserver.o
                0x0000000000117a22                xsh_udpeserver
 .text          0x0000000000117d1d      0x230 binaries/xsh_uptime.o
                0x0000000000117d1d                xsh_uptime
 .text          0x0000000000117f4d        0xe binaries/clkdisp.o
                0x0000000000117f4d                clkdisp
 .text          0x0000000000117f5b       0x19 binaries/ctxsw.o
                0x0000000000117f5b                ctxsw
 .text          0x0000000000117f74      0x38b binaries/intr.o
                0x0000000000117f74                disable
                0x0000000000117f7d                restore
                0x0000000000117f8b                enable
                0x0000000000117f8d                pause
                0x0000000000117f94                halt
                0x0000000000117f97                spurious_irq7
                0x0000000000117f9c                spurious_irq15
                0x0000000000117fab                _Xint0
                0x0000000000117fb6                _Xint1
                0x0000000000117fc1                _Xint2
                0x0000000000117fcc                _Xint3
                0x0000000000117fd7                _Xint4
                0x0000000000117fe2                _Xint5
                0x0000000000117fed                _Xint6
                0x0000000000117ff8                _Xint7
                0x0000000000118003                _Xint8
                0x000000000011800e                _Xint9
                0x0000000000118019                _Xint10
                0x0000000000118024                _Xint11
                0x0000000000118032                _Xint12
                0x0000000000118040                _Xint13
                0x000000000011804e                _Xint14
                0x000000000011805c                _Xint15
                0x000000000011806a                _Xint16
                0x0000000000118078                _Xint17
                0x0000000000118086                _Xint18
                0x0000000000118094                _Xint19
                0x00000000001180a2                _Xint20
                0x00000000001180b0                _Xint21
                0x00000000001180be                _Xint22
                0x00000000001180cc                _Xint23
                0x00000000001180da                _Xint24
                0x00000000001180e8                _Xint25
                0x00000000001180f6                _Xint26
                0x0000000000118104                _Xint27
                0x0000000000118112                _Xint28
                0x0000000000118120                _Xint29
                0x000000000011812e                _Xint30
                0x000000000011813c                _Xint31
                0x000000000011814a                _Xint32
                0x0000000000118158                _Xint33
                0x0000000000118189                _Xint34
                0x0000000000118197                _Xint35
                0x00000000001181a5                _Xint36
                0x00000000001181b3                _Xint37
                0x00000000001181c1                _Xint38
                0x00000000001181cf                _Xint39
                0x00000000001181dd                _Xint40
                0x00000000001181eb                _Xint41
                0x00000000001181f9                _Xint42
                0x0000000000118207                _Xint43
                0x0000000000118215                _Xint44
                0x0000000000118223                _Xint45
                0x0000000000118231                _Xint46
                0x000000000011823f                defevec
 .text          0x00000000001182ff        0xf binaries/ttydispatch.o
                0x00000000001182ff                ttydispatch
 .text          0x000000000011830e       0x13 binaries/ethdispatch.o
                0x000000000011830e                ethdispatch
 *(.rodata .rodata.*)
 *fill*         0x0000000000118321        0x3 
 .rodata        0x0000000000118324       0x8e binaries/ascdate.o
 .rodata        0x00000000001183b2        0x8 binaries/chprio.o
 .rodata        0x00000000001183ba       0xae binaries/conf.o
 .rodata        0x0000000000118468       0x83 binaries/early_imr.o
 *fill*         0x00000000001184eb        0x1 
 .rodata        0x00000000001184ec      0x265 binaries/evec.o
 *fill*         0x0000000000118751        0x3 
 .rodata        0x0000000000118754       0x61 binaries/getutime.o
 *fill*         0x00000000001187b5        0x3 
 .rodata        0x00000000001187b8      0x128 binaries/initialize.o
 .rodata        0x00000000001188e0       0x20 binaries/kill.o
 .rodata        0x0000000000118900       0xee binaries/main.o
 *fill*         0x00000000001189ee        0x2 
 .rodata        0x00000000001189f0       0x3e binaries/meminit.o
 .rodata        0x0000000000118a2e       0x10 binaries/mymotd.o
 .rodata        0x0000000000118a3e        0xf binaries/panic.o
 .rodata        0x0000000000118a4d       0x1d binaries/ptinit.o
 *fill*         0x0000000000118a6a        0x2 
 .rodata        0x0000000000118a6c       0x25 binaries/ptsend.o
 .rodata        0x0000000000118a91       0x22 binaries/quark_pdat.o
 *fill*         0x0000000000118ab3        0x1 
 .rodata        0x0000000000118ab4       0x27 binaries/xdone.o
 *fill*         0x0000000000118adb        0x5 
 .rodata        0x0000000000118ae0       0x81 binaries/ctype_.o
                0x0000000000118ae0                _ctype_
 *fill*         0x0000000000118b61        0x3 
 .rodata        0x0000000000118b64       0xee binaries/doprnt.o
 *fill*         0x0000000000118c52        0x2 
 .rodata        0x0000000000118c54       0x98 binaries/doscan.o
 .rodata        0x0000000000118cec       0xae binaries/fdoprnt.o
 *fill*         0x0000000000118d9a        0x2 
 .rodata        0x0000000000118d9c       0x20 binaries/ttycontrol.o
 .rodata        0x0000000000118dbc       0x34 binaries/ttyhandler.o
 .rodata        0x0000000000118df0       0x80 binaries/naminit.o
 .rodata        0x0000000000118e70       0x46 binaries/ethinit.o
 *fill*         0x0000000000118eb6        0x2 
 .rodata        0x0000000000118eb8       0x2c binaries/rdsbufalloc.o
 .rodata        0x0000000000118ee4       0x76 binaries/rdscomm.o
 *fill*         0x0000000000118f5a        0x2 
 .rodata        0x0000000000118f5c       0x48 binaries/rdscontrol.o
 .rodata        0x0000000000118fa4       0x96 binaries/rdsinit.o
 *fill*         0x000000000011903a        0x2 
 .rodata        0x000000000011903c       0x22 binaries/rdsopen.o
 *fill*         0x000000000011905e        0x2 
 .rodata        0x0000000000119060       0x4d binaries/rdsprocess.o
 .rodata        0x00000000001190ad        0x9 binaries/raminit.o
 *fill*         0x00000000001190b6        0x2 
 .rodata        0x00000000001190b8       0x37 binaries/lfdballoc.o
 .rodata        0x00000000001190ef       0x14 binaries/lfiballoc.o
 *fill*         0x0000000000119103        0x1 
 .rodata        0x0000000000119104       0x23 binaries/lflcontrol.o
 *fill*         0x0000000000119127        0x1 
 .rodata        0x0000000000119128      0x11b binaries/lfsckfmt.o
 *fill*         0x0000000000119243        0x1 
 .rodata        0x0000000000119244       0x2a binaries/lfsopen.o
 *fill*         0x000000000011926e        0x2 
 .rodata        0x0000000000119270       0x21 binaries/rflread.o
 *fill*         0x0000000000119291        0x3 
 .rodata        0x0000000000119294       0x21 binaries/rflwrite.o
 *fill*         0x00000000001192b5        0x3 
 .rodata        0x00000000001192b8       0x75 binaries/rfscomm.o
 *fill*         0x000000000011932d        0x3 
 .rodata        0x0000000000119330       0x3c binaries/rfscontrol.o
 .rodata        0x000000000011936c       0x63 binaries/rfsinit.o
 *fill*         0x00000000001193cf        0x1 
 .rodata        0x00000000001193d0       0x2a binaries/rfsndmsg.o
 *fill*         0x00000000001193fa        0x2 
 .rodata        0x00000000001193fc       0x22 binaries/rfsopen.o
 *fill*         0x000000000011941e        0x2 
 .rodata        0x0000000000119420       0x3a binaries/arp.o
 *fill*         0x000000000011945a        0x2 
 .rodata        0x000000000011945c       0xcf binaries/dhcp.o
 .rodata        0x000000000011952b       0x1a binaries/dns.o
 *fill*         0x0000000000119545        0x3 
 .rodata        0x0000000000119548       0xc9 binaries/hexdump.o
 *fill*         0x0000000000119611        0x3 
 .rodata        0x0000000000119614       0x29 binaries/icmp.o
 *fill*         0x000000000011963d        0x3 
 .rodata        0x0000000000119640       0x6e binaries/ip.o
 *fill*         0x00000000001196ae        0x2 
 .rodata        0x00000000001196b0       0x4f binaries/net.o
 *fill*         0x00000000001196ff        0x1 
 .rodata        0x0000000000119700      0x26f binaries/pdump.o
 *fill*         0x000000000011996f        0x1 
 .rodata        0x0000000000119970      0x10c binaries/tftp.o
 .rodata        0x0000000000119a7c      0x2c1 binaries/shell.o
 .rodata        0x0000000000119d3d       0x28 binaries/xsh_argecho.o
 *fill*         0x0000000000119d65        0x3 
 .rodata        0x0000000000119d68      0x123 binaries/xsh_arp.o
 *fill*         0x0000000000119e8b        0x1 
 .rodata        0x0000000000119e8c       0xc9 binaries/xsh_cat.o
 .rodata        0x0000000000119f55       0x19 binaries/xsh_clear.o
 *fill*         0x0000000000119f6e        0x2 
 .rodata        0x0000000000119f70      0x1c3 binaries/xsh_date.o
 .rodata        0x000000000011a133       0x5d binaries/xsh_devdump.o
 .rodata        0x000000000011a190        0x9 binaries/xsh_echo.o
 *fill*         0x000000000011a199        0x3 
 .rodata        0x000000000011a19c      0x169 binaries/xsh_help.o
 *fill*         0x000000000011a305        0x3 
 .rodata        0x000000000011a308      0x12e binaries/xsh_kill.o
 *fill*         0x000000000011a436        0x2 
 .rodata        0x000000000011a438      0x266 binaries/xsh_memdump.o
 *fill*         0x000000000011a69e        0x2 
 .rodata        0x000000000011a6a0      0x225 binaries/xsh_memstat.o
 *fill*         0x000000000011a8c5        0x3 
 .rodata        0x000000000011a8c8      0x1b0 binaries/xsh_netinfo.o
 .rodata        0x000000000011aa78      0x1a1 binaries/xsh_ping.o
 *fill*         0x000000000011ac19        0x3 
 .rodata        0x000000000011ac1c      0x1a8 binaries/xsh_ps.o
 .rodata        0x000000000011adc4       0xeb binaries/xsh_sleep.o
 *fill*         0x000000000011aeaf        0x1 
 .rodata        0x000000000011aeb0      0x1b8 binaries/xsh_udpdump.o
 .rodata        0x000000000011b068      0x215 binaries/xsh_udpecho.o
 *fill*         0x000000000011b27d        0x3 
 .rodata        0x000000000011b280      0x12b binaries/xsh_udpserver.o
 *fill*         0x000000000011b3ab        0x1 
 .rodata        0x000000000011b3ac      0x105 binaries/xsh_uptime.o
                0x000000000011b4b1                etext = ABSOLUTE (.)
                0x000000000011c000                . = ALIGN (0x1000)
 *fill*         0x000000000011b4b1      0xb4f 

.eh_frame       0x000000000011c000     0x3138
 .eh_frame      0x000000000011c000       0x50 binaries/ascdate.o
 .eh_frame      0x000000000011c050       0x34 binaries/bufinit.o
                                         0x4c (size before relaxing)
 .eh_frame      0x000000000011c084       0x38 binaries/chprio.o
                                         0x50 (size before relaxing)
 .eh_frame      0x000000000011c0bc       0x24 binaries/clkhandler.o
                                         0x50 (size before relaxing)
 .eh_frame      0x000000000011c0e0       0x24 binaries/clkinit.o
                                         0x50 (size before relaxing)
 .eh_frame      0x000000000011c104       0x24 binaries/close.o
                                         0x50 (size before relaxing)
 .eh_frame      0x000000000011c128       0x24 binaries/control.o
                                         0x50 (size before relaxing)
 .eh_frame      0x000000000011c14c       0x48 binaries/create.o
                                         0x88 (size before relaxing)
 .eh_frame      0x000000000011c194      0x114 binaries/early_imr.o
                                        0x154 (size before relaxing)
 .eh_frame      0x000000000011c2a8       0x90 binaries/evec.o
                                         0xd0 (size before relaxing)
 .eh_frame      0x000000000011c338       0x24 binaries/exit.o
                                         0x50 (size before relaxing)
 .eh_frame      0x000000000011c35c       0x24 binaries/freebuf.o
                                         0x50 (size before relaxing)
 .eh_frame      0x000000000011c380       0x24 binaries/freemem.o
                                         0x50 (size before relaxing)
 .eh_frame      0x000000000011c3a4       0x24 binaries/getbuf.o
                                         0x50 (size before relaxing)
 .eh_frame      0x000000000011c3c8       0x24 binaries/getc.o
                                         0x50 (size before relaxing)
 .eh_frame      0x000000000011c3ec       0x24 binaries/getdev.o
                                         0x50 (size before relaxing)
 .eh_frame      0x000000000011c410       0x78 binaries/getitem.o
                                         0xa4 (size before relaxing)
 .eh_frame      0x000000000011c488       0x24 binaries/getmem.o
                                         0x50 (size before relaxing)
 .eh_frame      0x000000000011c4ac       0x20 binaries/getpid.o
                                         0x4c (size before relaxing)
 .eh_frame      0x000000000011c4cc       0x24 binaries/getppid.o
                                         0x50 (size before relaxing)
 .eh_frame      0x000000000011c4f0       0x24 binaries/getprio.o
                                         0x50 (size before relaxing)
 .eh_frame      0x000000000011c514       0x24 binaries/getstk.o
                                         0x50 (size before relaxing)
 .eh_frame      0x000000000011c538       0x20 binaries/getticks.o
                                         0x4c (size before relaxing)
 .eh_frame      0x000000000011c558       0x24 binaries/gettime.o
                                         0x50 (size before relaxing)
 .eh_frame      0x000000000011c57c       0x20 binaries/gettmslice.o
                                         0x4c (size before relaxing)
 .eh_frame      0x000000000011c59c       0x24 binaries/getutime.o
                                         0x50 (size before relaxing)
 .eh_frame      0x000000000011c5c0       0x24 binaries/init.o
                                         0x50 (size before relaxing)
 .eh_frame      0x000000000011c5e4       0xa4 binaries/initialize.o
                                         0xe4 (size before relaxing)
 .eh_frame      0x000000000011c688       0x24 binaries/insert.o
                                         0x50 (size before relaxing)
 .eh_frame      0x000000000011c6ac       0x28 binaries/insertd.o
                                         0x54 (size before relaxing)
 .eh_frame      0x000000000011c6d4       0x20 binaries/ioerr.o
                                         0x4c (size before relaxing)
 .eh_frame      0x000000000011c6f4       0x20 binaries/ionull.o
                                         0x4c (size before relaxing)
 .eh_frame      0x000000000011c714       0x2c binaries/kill.o
                                         0x58 (size before relaxing)
 .eh_frame      0x000000000011c740       0x6c binaries/kprintf.o
                                         0xac (size before relaxing)
 .eh_frame      0x000000000011c7ac       0x5c binaries/main.o
                                         0x88 (size before relaxing)
 .eh_frame      0x000000000011c808       0x48 binaries/mark.o
                                         0x74 (size before relaxing)
 .eh_frame      0x000000000011c850       0x54 binaries/meminit.o
                                         0x94 (size before relaxing)
 .eh_frame      0x000000000011c8a4       0x24 binaries/mkbufpool.o
                                         0x50 (size before relaxing)
 .eh_frame      0x000000000011c8c8       0x24 binaries/mymotd.o
                                         0x50 (size before relaxing)
 .eh_frame      0x000000000011c8ec       0x24 binaries/newqueue.o
                                         0x50 (size before relaxing)
 .eh_frame      0x000000000011c910       0x24 binaries/open.o
                                         0x50 (size before relaxing)
 .eh_frame      0x000000000011c934       0x1c binaries/panic.o
                                         0x48 (size before relaxing)
 .eh_frame      0x000000000011c950      0x1c0 binaries/pci.o
                                        0x1ec (size before relaxing)
 .eh_frame      0x000000000011cb10       0x6c binaries/platinit.o
                                         0xac (size before relaxing)
 .eh_frame      0x000000000011cb7c       0x24 binaries/ptclear.o
                                         0x50 (size before relaxing)
 .eh_frame      0x000000000011cba0       0x24 binaries/ptcount.o
                                         0x50 (size before relaxing)
 .eh_frame      0x000000000011cbc4       0x24 binaries/ptcreate.o
                                         0x50 (size before relaxing)
 .eh_frame      0x000000000011cbe8       0x24 binaries/ptdelete.o
                                         0x50 (size before relaxing)
 .eh_frame      0x000000000011cc0c       0x24 binaries/ptinit.o
                                         0x50 (size before relaxing)
 .eh_frame      0x000000000011cc30       0x24 binaries/ptrecv.o
                                         0x50 (size before relaxing)
 .eh_frame      0x000000000011cc54       0x24 binaries/ptreset.o
                                         0x50 (size before relaxing)
 .eh_frame      0x000000000011cc78       0x24 binaries/ptsend.o
                                         0x50 (size before relaxing)
 .eh_frame      0x000000000011cc9c       0x24 binaries/putc.o
                                         0x50 (size before relaxing)
 .eh_frame      0x000000000011ccc0       0x24 binaries/quark_irq.o
                                         0x50 (size before relaxing)
 .eh_frame      0x000000000011cce4       0x48 binaries/quark_pdat.o
                                         0x74 (size before relaxing)
 .eh_frame      0x000000000011cd2c       0x48 binaries/queue.o
                                         0x88 (size before relaxing)
 .eh_frame      0x000000000011cd74       0x48 binaries/rcreate.o
                                         0x88 (size before relaxing)
 .eh_frame      0x000000000011cdbc       0x24 binaries/read.o
                                         0x50 (size before relaxing)
 .eh_frame      0x000000000011cde0       0x28 binaries/ready.o
                                         0x54 (size before relaxing)
 .eh_frame      0x000000000011ce08       0x24 binaries/receive.o
                                         0x50 (size before relaxing)
 .eh_frame      0x000000000011ce2c       0x24 binaries/recvclr.o
                                         0x50 (size before relaxing)
 .eh_frame      0x000000000011ce50       0x24 binaries/recvtime.o
                                         0x50 (size before relaxing)
 .eh_frame      0x000000000011ce74       0x48 binaries/resched.o
                                         0x88 (size before relaxing)
 .eh_frame      0x000000000011cebc       0x24 binaries/resume.o
                                         0x50 (size before relaxing)
 .eh_frame      0x000000000011cee0       0x24 binaries/seek.o
                                         0x50 (size before relaxing)
 .eh_frame      0x000000000011cf04       0x24 binaries/semcount.o
                                         0x50 (size before relaxing)
 .eh_frame      0x000000000011cf28       0x48 binaries/semcreate.o
                                         0x88 (size before relaxing)
 .eh_frame      0x000000000011cf70       0x24 binaries/semdelete.o
                                         0x50 (size before relaxing)
 .eh_frame      0x000000000011cf94       0x24 binaries/semreset.o
                                         0x50 (size before relaxing)
 .eh_frame      0x000000000011cfb8       0x24 binaries/send.o
                                         0x50 (size before relaxing)
 .eh_frame      0x000000000011cfdc       0x24 binaries/signal.o
                                         0x50 (size before relaxing)
 .eh_frame      0x000000000011d000       0x24 binaries/signaln.o
                                         0x50 (size before relaxing)
 .eh_frame      0x000000000011d024       0x44 binaries/sleep.o
                                         0x84 (size before relaxing)
 .eh_frame      0x000000000011d068       0x24 binaries/suspend.o
                                         0x50 (size before relaxing)
 .eh_frame      0x000000000011d08c       0x24 binaries/unsleep.o
                                         0x50 (size before relaxing)
 .eh_frame      0x000000000011d0b0       0x24 binaries/userret.o
                                         0x50 (size before relaxing)
 .eh_frame      0x000000000011d0d4       0x24 binaries/wait.o
                                         0x50 (size before relaxing)
 .eh_frame      0x000000000011d0f8       0x24 binaries/wakeup.o
                                         0x50 (size before relaxing)
 .eh_frame      0x000000000011d11c       0x20 binaries/wgetpid.o
                                         0x4c (size before relaxing)
 .eh_frame      0x000000000011d13c       0x24 binaries/wgetppid.o
                                         0x50 (size before relaxing)
 .eh_frame      0x000000000011d160       0x24 binaries/wgetprio.o
                                         0x50 (size before relaxing)
 .eh_frame      0x000000000011d184       0x24 binaries/write.o
                                         0x50 (size before relaxing)
 .eh_frame      0x000000000011d1a8       0x24 binaries/xdone.o
                                         0x50 (size before relaxing)
 .eh_frame      0x000000000011d1cc       0x24 binaries/yield.o
                                         0x50 (size before relaxing)
 .eh_frame      0x000000000011d1f0       0x20 binaries/abs.o
                                         0x4c (size before relaxing)
 .eh_frame      0x000000000011d210       0x20 binaries/atoi.o
                                         0x4c (size before relaxing)
 .eh_frame      0x000000000011d230       0x20 binaries/atol.o
                                         0x4c (size before relaxing)
 .eh_frame      0x000000000011d250       0x20 binaries/bzero.o
                                         0x4c (size before relaxing)
 .eh_frame      0x000000000011d270       0xec binaries/doprnt.o
                                        0x140 (size before relaxing)
 .eh_frame      0x000000000011d35c       0xc8 binaries/doscan.o
                                         0xf4 (size before relaxing)
 .eh_frame      0x000000000011d424       0xcc binaries/fdoprnt.o
                                        0x10c (size before relaxing)
 .eh_frame      0x000000000011d4f0       0x24 binaries/fgetc.o
                                         0x50 (size before relaxing)
 .eh_frame      0x000000000011d514       0x24 binaries/fgets.o
                                         0x50 (size before relaxing)
 .eh_frame      0x000000000011d538       0x24 binaries/fprintf.o
                                         0x50 (size before relaxing)
 .eh_frame      0x000000000011d55c       0x24 binaries/fputc.o
                                         0x50 (size before relaxing)
 .eh_frame      0x000000000011d580       0x24 binaries/fputs.o
                                         0x50 (size before relaxing)
 .eh_frame      0x000000000011d5a4       0x68 binaries/fscanf.o
                                         0x94 (size before relaxing)
 .eh_frame      0x000000000011d60c       0x24 binaries/getchar.o
                                         0x50 (size before relaxing)
 .eh_frame      0x000000000011d630       0x20 binaries/labs.o
                                         0x4c (size before relaxing)
 .eh_frame      0x000000000011d650       0x20 binaries/memcmp.o
                                         0x4c (size before relaxing)
 .eh_frame      0x000000000011d670       0x24 binaries/memcpy.o
                                         0x50 (size before relaxing)
 .eh_frame      0x000000000011d694       0x24 binaries/memset.o
                                         0x50 (size before relaxing)
 .eh_frame      0x000000000011d6b8       0x24 binaries/printf.o
                                         0x50 (size before relaxing)
 .eh_frame      0x000000000011d6dc       0x24 binaries/putchar.o
                                         0x50 (size before relaxing)
 .eh_frame      0x000000000011d700       0xa4 binaries/qsort.o
                                         0xd0 (size before relaxing)
 .eh_frame      0x000000000011d7a4       0x60 binaries/rand.o
                                         0x8c (size before relaxing)
 .eh_frame      0x000000000011d804       0x44 binaries/sprintf.o
                                         0x70 (size before relaxing)
 .eh_frame      0x000000000011d848       0x64 binaries/sscanf.o
                                         0x90 (size before relaxing)
 .eh_frame      0x000000000011d8ac       0x20 binaries/strchr.o
                                         0x4c (size before relaxing)
 .eh_frame      0x000000000011d8cc       0x20 binaries/strcmp.o
                                         0x4c (size before relaxing)
 .eh_frame      0x000000000011d8ec       0x20 binaries/strcpy.o
                                         0x4c (size before relaxing)
 .eh_frame      0x000000000011d90c       0x20 binaries/strlen.o
                                         0x4c (size before relaxing)
 .eh_frame      0x000000000011d92c       0x20 binaries/strncat.o
                                         0x4c (size before relaxing)
 .eh_frame      0x000000000011d94c       0x20 binaries/strncmp.o
                                         0x4c (size before relaxing)
 .eh_frame      0x000000000011d96c       0x28 binaries/strncpy.o
                                         0x54 (size before relaxing)
 .eh_frame      0x000000000011d994       0x20 binaries/strnlen.o
                                         0x4c (size before relaxing)
 .eh_frame      0x000000000011d9b4       0x20 binaries/strrchr.o
                                         0x4c (size before relaxing)
 .eh_frame      0x000000000011d9d4       0x20 binaries/strstr.o
                                         0x4c (size before relaxing)
 .eh_frame      0x000000000011d9f4       0x24 binaries/ttycontrol.o
                                         0x50 (size before relaxing)
 .eh_frame      0x000000000011da18       0x24 binaries/ttygetc.o
                                         0x50 (size before relaxing)
 .eh_frame      0x000000000011da3c       0x88 binaries/ttyhandle_in.o
                                         0xdc (size before relaxing)
 .eh_frame      0x000000000011dac4       0x24 binaries/ttyhandle_out.o
                                         0x50 (size before relaxing)
 .eh_frame      0x000000000011dae8       0x24 binaries/ttyhandler.o
                                         0x50 (size before relaxing)
 .eh_frame      0x000000000011db0c       0x24 binaries/ttyinit.o
                                         0x50 (size before relaxing)
 .eh_frame      0x000000000011db30       0x20 binaries/ttykickout.o
                                         0x4c (size before relaxing)
 .eh_frame      0x000000000011db50       0x24 binaries/ttyputc.o
                                         0x50 (size before relaxing)
 .eh_frame      0x000000000011db74       0x24 binaries/ttyread.o
                                         0x50 (size before relaxing)
 .eh_frame      0x000000000011db98       0x24 binaries/ttywrite.o
                                         0x50 (size before relaxing)
 .eh_frame      0x000000000011dbbc       0x44 binaries/mount.o
                                         0x84 (size before relaxing)
 .eh_frame      0x000000000011dc00       0x24 binaries/naminit.o
                                         0x50 (size before relaxing)
 .eh_frame      0x000000000011dc24       0x68 binaries/nammap.o
                                         0xa8 (size before relaxing)
 .eh_frame      0x000000000011dc8c       0x24 binaries/namopen.o
                                         0x50 (size before relaxing)
 .eh_frame      0x000000000011dcb0       0x24 binaries/ethcontrol.o
                                         0x50 (size before relaxing)
 .eh_frame      0x000000000011dcd4       0x24 binaries/ethhandler.o
                                         0x50 (size before relaxing)
 .eh_frame      0x000000000011dcf8       0xb8 binaries/ethinit.o
                                         0xf8 (size before relaxing)
 .eh_frame      0x000000000011ddb0       0x48 binaries/ethmcast.o
                                         0x88 (size before relaxing)
 .eh_frame      0x000000000011ddf8       0x24 binaries/ethread.o
                                         0x50 (size before relaxing)
 .eh_frame      0x000000000011de1c       0x24 binaries/ethwrite.o
                                         0x50 (size before relaxing)
 .eh_frame      0x000000000011de40       0x24 binaries/rdsbufalloc.o
                                         0x50 (size before relaxing)
 .eh_frame      0x000000000011de64       0x20 binaries/rdsclose.o
                                         0x4c (size before relaxing)
 .eh_frame      0x000000000011de84       0x24 binaries/rdscomm.o
                                         0x50 (size before relaxing)
 .eh_frame      0x000000000011dea8       0x24 binaries/rdscontrol.o
                                         0x50 (size before relaxing)
 .eh_frame      0x000000000011decc       0x24 binaries/rdsinit.o
                                         0x50 (size before relaxing)
 .eh_frame      0x000000000011def0       0x24 binaries/rdsopen.o
                                         0x50 (size before relaxing)
 .eh_frame      0x000000000011df14       0x1c binaries/rdsprocess.o
                                         0x48 (size before relaxing)
 .eh_frame      0x000000000011df30       0x24 binaries/rdsread.o
                                         0x50 (size before relaxing)
 .eh_frame      0x000000000011df54       0x24 binaries/rdswrite.o
                                         0x50 (size before relaxing)
 .eh_frame      0x000000000011df78       0x20 binaries/ramclose.o
                                         0x4c (size before relaxing)
 .eh_frame      0x000000000011df98       0x24 binaries/raminit.o
                                         0x50 (size before relaxing)
 .eh_frame      0x000000000011dfbc       0x20 binaries/ramopen.o
                                         0x4c (size before relaxing)
 .eh_frame      0x000000000011dfdc       0x24 binaries/ramread.o
                                         0x50 (size before relaxing)
 .eh_frame      0x000000000011e000       0x24 binaries/ramwrite.o
                                         0x50 (size before relaxing)
 .eh_frame      0x000000000011e024       0x24 binaries/lfdballoc.o
                                         0x50 (size before relaxing)
 .eh_frame      0x000000000011e048       0x24 binaries/lfdbfree.o
                                         0x50 (size before relaxing)
 .eh_frame      0x000000000011e06c       0x24 binaries/lfflush.o
                                         0x50 (size before relaxing)
 .eh_frame      0x000000000011e090       0x20 binaries/lfgetmode.o
                                         0x4c (size before relaxing)
 .eh_frame      0x000000000011e0b0       0x24 binaries/lfiballoc.o
                                         0x50 (size before relaxing)
 .eh_frame      0x000000000011e0d4       0x20 binaries/lfibclear.o
                                         0x4c (size before relaxing)
 .eh_frame      0x000000000011e0f4       0x24 binaries/lfibget.o
                                         0x50 (size before relaxing)
 .eh_frame      0x000000000011e118       0x24 binaries/lfibput.o
                                         0x50 (size before relaxing)
 .eh_frame      0x000000000011e13c       0x24 binaries/lflclose.o
                                         0x50 (size before relaxing)
 .eh_frame      0x000000000011e160       0x24 binaries/lflcontrol.o
                                         0x50 (size before relaxing)
 .eh_frame      0x000000000011e184       0x24 binaries/lflgetc.o
                                         0x50 (size before relaxing)
 .eh_frame      0x000000000011e1a8       0x24 binaries/lflinit.o
                                         0x50 (size before relaxing)
 .eh_frame      0x000000000011e1cc       0x24 binaries/lflputc.o
                                         0x50 (size before relaxing)
 .eh_frame      0x000000000011e1f0       0x24 binaries/lflread.o
                                         0x50 (size before relaxing)
 .eh_frame      0x000000000011e214       0x24 binaries/lflseek.o
                                         0x50 (size before relaxing)
 .eh_frame      0x000000000011e238       0x24 binaries/lflwrite.o
                                         0x50 (size before relaxing)
 .eh_frame      0x000000000011e25c       0x20 binaries/lfscheck.o
                                         0x4c (size before relaxing)
 .eh_frame      0x000000000011e27c       0x24 binaries/lfsckfmt.o
                                         0x50 (size before relaxing)
 .eh_frame      0x000000000011e2a0       0x24 binaries/lfscreate.o
                                         0x50 (size before relaxing)
 .eh_frame      0x000000000011e2c4       0x24 binaries/lfsetup.o
                                         0x50 (size before relaxing)
 .eh_frame      0x000000000011e2e8       0x24 binaries/lfsinit.o
                                         0x50 (size before relaxing)
 .eh_frame      0x000000000011e30c       0x24 binaries/lfsopen.o
                                         0x50 (size before relaxing)
 .eh_frame      0x000000000011e330       0x24 binaries/lftruncate.o
                                         0x50 (size before relaxing)
 .eh_frame      0x000000000011e354       0x24 binaries/rflclose.o
                                         0x50 (size before relaxing)
 .eh_frame      0x000000000011e378       0x24 binaries/rflgetc.o
                                         0x50 (size before relaxing)
 .eh_frame      0x000000000011e39c       0x20 binaries/rflinit.o
                                         0x4c (size before relaxing)
 .eh_frame      0x000000000011e3bc       0x24 binaries/rflputc.o
                                         0x50 (size before relaxing)
 .eh_frame      0x000000000011e3e0       0x24 binaries/rflread.o
                                         0x50 (size before relaxing)
 .eh_frame      0x000000000011e404       0x24 binaries/rflseek.o
                                         0x50 (size before relaxing)
 .eh_frame      0x000000000011e428       0x24 binaries/rflwrite.o
                                         0x50 (size before relaxing)
 .eh_frame      0x000000000011e44c       0x24 binaries/rfscomm.o
                                         0x50 (size before relaxing)
 .eh_frame      0x000000000011e470       0x24 binaries/rfscontrol.o
                                         0x50 (size before relaxing)
 .eh_frame      0x000000000011e494       0x20 binaries/rfsgetmode.o
                                         0x4c (size before relaxing)
 .eh_frame      0x000000000011e4b4       0x24 binaries/rfsinit.o
                                         0x50 (size before relaxing)
 .eh_frame      0x000000000011e4d8       0x24 binaries/rfsndmsg.o
                                         0x50 (size before relaxing)
 .eh_frame      0x000000000011e4fc       0x24 binaries/rfsopen.o
                                         0x50 (size before relaxing)
 .eh_frame      0x000000000011e520       0xd0 binaries/arp.o
                                        0x124 (size before relaxing)
 .eh_frame      0x000000000011e5f0       0xac binaries/dhcp.o
                                         0xec (size before relaxing)
 .eh_frame      0x000000000011e69c       0x90 binaries/dns.o
                                         0xd0 (size before relaxing)
 .eh_frame      0x000000000011e72c       0x20 binaries/dot2ip.o
                                         0x4c (size before relaxing)
 .eh_frame      0x000000000011e74c       0x48 binaries/hexdump.o
                                         0x74 (size before relaxing)
 .eh_frame      0x000000000011e794      0x168 binaries/icmp.o
                                        0x1bc (size before relaxing)
 .eh_frame      0x000000000011e8fc      0x130 binaries/ip.o
                                        0x170 (size before relaxing)
 .eh_frame      0x000000000011ea2c       0xa8 binaries/net.o
                                         0xfc (size before relaxing)
 .eh_frame      0x000000000011ead4       0x60 binaries/pdump.o
                                         0xa0 (size before relaxing)
 .eh_frame      0x000000000011eb34       0x54 binaries/tftp.o
                                         0x80 (size before relaxing)
 .eh_frame      0x000000000011eb88      0x160 binaries/udp.o
                                        0x1b4 (size before relaxing)
 .eh_frame      0x000000000011ece8       0x24 binaries/addargs.o
                                         0x50 (size before relaxing)
 .eh_frame      0x000000000011ed0c       0x20 binaries/lexan.o
                                         0x4c (size before relaxing)
 .eh_frame      0x000000000011ed2c       0x2c binaries/shell.o
                                         0x58 (size before relaxing)
 .eh_frame      0x000000000011ed58       0x24 binaries/xsh_argecho.o
                                         0x50 (size before relaxing)
 .eh_frame      0x000000000011ed7c       0x48 binaries/xsh_arp.o
                                         0x74 (size before relaxing)
 .eh_frame      0x000000000011edc4       0x2c binaries/xsh_cat.o
                                         0x58 (size before relaxing)
 .eh_frame      0x000000000011edf0       0x28 binaries/xsh_clear.o
                                         0x54 (size before relaxing)
 .eh_frame      0x000000000011ee18       0x2c binaries/xsh_date.o
                                         0x58 (size before relaxing)
 .eh_frame      0x000000000011ee44       0x24 binaries/xsh_devdump.o
                                         0x50 (size before relaxing)
 .eh_frame      0x000000000011ee68       0x24 binaries/xsh_echo.o
                                         0x50 (size before relaxing)
 .eh_frame      0x000000000011ee8c       0x20 binaries/xsh_exit.o
                                         0x4c (size before relaxing)
 .eh_frame      0x000000000011eeac       0x2c binaries/xsh_help.o
                                         0x58 (size before relaxing)
 .eh_frame      0x000000000011eed8       0x2c binaries/xsh_kill.o
                                         0x58 (size before relaxing)
 .eh_frame      0x000000000011ef04       0x4c binaries/xsh_memdump.o
                                         0x8c (size before relaxing)
 .eh_frame      0x000000000011ef50       0x74 binaries/xsh_memstat.o
                                         0xa0 (size before relaxing)
 .eh_frame      0x000000000011efc4       0x30 binaries/xsh_netinfo.o
                                         0x5c (size before relaxing)
 .eh_frame      0x000000000011eff4       0x30 binaries/xsh_ping.o
                                         0x5c (size before relaxing)
 .eh_frame      0x000000000011f024       0x30 binaries/xsh_ps.o
                                         0x5c (size before relaxing)
 .eh_frame      0x000000000011f054       0x2c binaries/xsh_sleep.o
                                         0x58 (size before relaxing)
 .eh_frame      0x000000000011f080       0x2c binaries/xsh_udpdump.o
                                         0x58 (size before relaxing)
 .eh_frame      0x000000000011f0ac       0x30 binaries/xsh_udpecho.o
                                         0x5c (size before relaxing)
 .eh_frame      0x000000000011f0dc       0x30 binaries/xsh_udpserver.o
                                         0x5c (size before relaxing)
 .eh_frame      0x000000000011f10c       0x2c binaries/xsh_uptime.o
                                         0x58 (size before relaxing)

.iplt           0x000000000011f138        0x0
 .iplt          0x000000000011f138        0x0 binaries/start.o

.rel.dyn        0x000000000011f138        0x0
 .rel.got       0x000000000011f138        0x0 binaries/start.o
 .rel.iplt      0x000000000011f138        0x0 binaries/start.o
 .rel.text      0x000000000011f138        0x0 binaries/start.o

.data           0x000000000011f140     0x1ec0
                0x000000000011f140                data = ABSOLUTE (.)
 *(.data .data.*)
 .data          0x000000000011f140      0x83a binaries/start.o
                0x000000000011f140                gdt
                0x000000000011f170                idt
                0x000000000011f976                cpudelay
 .data          0x000000000011f97a        0x0 binaries/ascdate.o
 *fill*         0x000000000011f97a        0x6 
 .data.rel.local
                0x000000000011f980       0x88 binaries/ascdate.o
                0x000000000011f980                Date
 .data          0x000000000011fa08        0x0 binaries/bufinit.o
 .data          0x000000000011fa08        0x0 binaries/chprio.o
 .data          0x000000000011fa08        0x4 binaries/clkhandler.o
 .data          0x000000000011fa0c        0x0 binaries/clkinit.o
 .data          0x000000000011fa0c        0x0 binaries/close.o
 .data          0x000000000011fa0c        0x0 binaries/conf.o
 *fill*         0x000000000011fa0c       0x14 
 .data.rel      0x000000000011fa20      0x5a0 binaries/conf.o
                0x000000000011fa20                devtab
 .data          0x000000000011ffc0        0x0 binaries/control.o
 .data          0x000000000011ffc0        0x4 binaries/create.o
 .data          0x000000000011ffc4        0x0 binaries/early_imr.o
 .data          0x000000000011ffc4        0x0 binaries/evec.o
 *fill*         0x000000000011ffc4       0x1c 
 .data.rel.local
                0x000000000011ffe0       0x40 binaries/evec.o
                0x000000000011ffe0                inames
 .data          0x0000000000120020        0x0 binaries/exit.o
 .data          0x0000000000120020        0x0 binaries/freebuf.o
 .data          0x0000000000120020        0x0 binaries/freemem.o
 .data          0x0000000000120020        0x0 binaries/getbuf.o
 .data          0x0000000000120020        0x0 binaries/getc.o
 .data          0x0000000000120020        0x0 binaries/getdev.o
 .data          0x0000000000120020        0x0 binaries/getitem.o
 .data          0x0000000000120020        0x0 binaries/getmem.o
 .data          0x0000000000120020        0x0 binaries/getpid.o
 .data          0x0000000000120020        0x0 binaries/getppid.o
 .data          0x0000000000120020        0x0 binaries/getprio.o
 .data          0x0000000000120020        0x0 binaries/getstk.o
 .data          0x0000000000120020        0x0 binaries/getticks.o
 .data          0x0000000000120020        0x0 binaries/gettime.o
 .data          0x0000000000120020        0x0 binaries/gettmslice.o
 .data          0x0000000000120020        0x0 binaries/getutime.o
 .data          0x0000000000120020        0x0 binaries/init.o
 .data          0x0000000000120020        0x0 binaries/initialize.o
 .data          0x0000000000120020        0x0 binaries/insert.o
 .data          0x0000000000120020        0x0 binaries/insertd.o
 .data          0x0000000000120020        0x0 binaries/ioerr.o
 .data          0x0000000000120020        0x0 binaries/ionull.o
 .data          0x0000000000120020        0x0 binaries/kill.o
 .data          0x0000000000120020        0x0 binaries/kprintf.o
 .data          0x0000000000120020        0x0 binaries/main.o
 .data          0x0000000000120020        0x0 binaries/mark.o
 .data          0x0000000000120020       0x40 binaries/meminit.o
                0x0000000000120020                bootsign
                0x0000000000120024                bootinfo
                0x0000000000120040                gdt_copy
 .data          0x0000000000120060        0x0 binaries/mkbufpool.o
 .data          0x0000000000120060        0x0 binaries/mymotd.o
 .data          0x0000000000120060        0x2 binaries/newqueue.o
 .data          0x0000000000120062        0x0 binaries/open.o
 .data          0x0000000000120062        0x0 binaries/panic.o
 .data          0x0000000000120062        0x0 binaries/pci.o
 .data          0x0000000000120062        0x0 binaries/platinit.o
 .data          0x0000000000120062        0x0 binaries/ptclear.o
 .data          0x0000000000120062        0x0 binaries/ptcount.o
 .data          0x0000000000120062        0x0 binaries/ptcreate.o
 .data          0x0000000000120062        0x0 binaries/ptdelete.o
 .data          0x0000000000120062        0x0 binaries/ptinit.o
 .data          0x0000000000120062        0x0 binaries/ptrecv.o
 .data          0x0000000000120062        0x0 binaries/ptreset.o
 .data          0x0000000000120062        0x0 binaries/ptsend.o
 .data          0x0000000000120062        0x0 binaries/putc.o
 .data          0x0000000000120062        0x0 binaries/quark_irq.o
 .data          0x0000000000120062        0x0 binaries/quark_pdat.o
 .data          0x0000000000120062        0x0 binaries/queue.o
 *fill*         0x0000000000120062        0x2 
 .data          0x0000000000120064        0x4 binaries/rcreate.o
 .data          0x0000000000120068        0x0 binaries/read.o
 .data          0x0000000000120068        0x0 binaries/ready.o
 .data          0x0000000000120068        0x0 binaries/receive.o
 .data          0x0000000000120068        0x0 binaries/recvclr.o
 .data          0x0000000000120068        0x0 binaries/recvtime.o
 .data          0x0000000000120068        0x0 binaries/resched.o
 .data          0x0000000000120068        0x0 binaries/resume.o
 .data          0x0000000000120068        0x0 binaries/seek.o
 .data          0x0000000000120068        0x0 binaries/semcount.o
 .data          0x0000000000120068        0x0 binaries/semcreate.o
 .data          0x0000000000120068        0x0 binaries/semdelete.o
 .data          0x0000000000120068        0x0 binaries/semreset.o
 .data          0x0000000000120068        0x0 binaries/send.o
 .data          0x0000000000120068        0x0 binaries/signal.o
 .data          0x0000000000120068        0x0 binaries/signaln.o
 .data          0x0000000000120068        0x0 binaries/sleep.o
 .data          0x0000000000120068        0x0 binaries/suspend.o
 .data          0x0000000000120068        0x0 binaries/unsleep.o
 .data          0x0000000000120068        0x0 binaries/userret.o
 .data          0x0000000000120068        0x0 binaries/wait.o
 .data          0x0000000000120068        0x0 binaries/wakeup.o
 .data          0x0000000000120068        0x0 binaries/wgetpid.o
 .data          0x0000000000120068        0x0 binaries/wgetppid.o
 .data          0x0000000000120068        0x0 binaries/wgetprio.o
 .data          0x0000000000120068        0x0 binaries/write.o
 .data          0x0000000000120068        0x0 binaries/xdone.o
 .data          0x0000000000120068        0x0 binaries/yield.o
 .data          0x0000000000120068        0x0 binaries/abs.o
 .data          0x0000000000120068        0x0 binaries/atoi.o
 .data          0x0000000000120068        0x0 binaries/atol.o
 .data          0x0000000000120068        0x0 binaries/bzero.o
 .data          0x0000000000120068        0x0 binaries/ctype_.o
 .data          0x0000000000120068        0x0 binaries/doprnt.o
 *fill*         0x0000000000120068       0x18 
 .data          0x0000000000120080       0x80 binaries/doscan.o
                0x0000000000120080                _sctab
 .data          0x0000000000120100        0x0 binaries/fdoprnt.o
 .data          0x0000000000120100        0x0 binaries/fgetc.o
 .data          0x0000000000120100        0x0 binaries/fgets.o
 .data          0x0000000000120100        0x0 binaries/fprintf.o
 .data          0x0000000000120100        0x0 binaries/fputc.o
 .data          0x0000000000120100        0x0 binaries/fputs.o
 .data          0x0000000000120100        0x0 binaries/fscanf.o
 .data          0x0000000000120100        0x0 binaries/getchar.o
 .data          0x0000000000120100        0x0 binaries/labs.o
 .data          0x0000000000120100        0x0 binaries/memchr.o
 .data          0x0000000000120100        0x0 binaries/memcmp.o
 .data          0x0000000000120100        0x0 binaries/memcpy.o
 .data          0x0000000000120100        0x0 binaries/memset.o
 .data          0x0000000000120100        0x0 binaries/printf.o
 .data          0x0000000000120100        0x0 binaries/putchar.o
 .data          0x0000000000120100        0x0 binaries/qsort.o
 .data          0x0000000000120100        0x4 binaries/rand.o
 .data          0x0000000000120104        0x0 binaries/sprintf.o
 .data          0x0000000000120104        0x0 binaries/sscanf.o
 .data          0x0000000000120104        0x0 binaries/strchr.o
 .data          0x0000000000120104        0x0 binaries/strcmp.o
 .data          0x0000000000120104        0x0 binaries/strcpy.o
 .data          0x0000000000120104        0x0 binaries/strlen.o
 .data          0x0000000000120104        0x0 binaries/strncat.o
 .data          0x0000000000120104        0x0 binaries/strncmp.o
 .data          0x0000000000120104        0x0 binaries/strncpy.o
 .data          0x0000000000120104        0x0 binaries/strnlen.o
 .data          0x0000000000120104        0x0 binaries/strrchr.o
 .data          0x0000000000120104        0x0 binaries/strstr.o
 .data          0x0000000000120104        0x0 binaries/ttycontrol.o
 .data          0x0000000000120104        0x0 binaries/ttygetc.o
 .data          0x0000000000120104        0x0 binaries/ttyhandle_in.o
 .data          0x0000000000120104        0x0 binaries/ttyhandle_out.o
 .data          0x0000000000120104        0x0 binaries/ttyhandler.o
 .data          0x0000000000120104        0x0 binaries/ttyinit.o
 .data          0x0000000000120104        0x0 binaries/ttykickout.o
 .data          0x0000000000120104        0x0 binaries/ttyputc.o
 .data          0x0000000000120104        0x0 binaries/ttyread.o
 .data          0x0000000000120104        0x0 binaries/ttywrite.o
 .data          0x0000000000120104        0x0 binaries/mount.o
 .data          0x0000000000120104        0x0 binaries/naminit.o
 .data          0x0000000000120104        0x0 binaries/nammap.o
 .data          0x0000000000120104        0x0 binaries/namopen.o
 .data          0x0000000000120104        0x0 binaries/ethcontrol.o
 .data          0x0000000000120104        0x0 binaries/ethhandler.o
 .data          0x0000000000120104        0x0 binaries/ethinit.o
 .data          0x0000000000120104        0x0 binaries/ethmcast.o
 .data          0x0000000000120104        0x0 binaries/ethread.o
 .data          0x0000000000120104        0x0 binaries/ethwrite.o
 .data          0x0000000000120104        0x0 binaries/rdsbufalloc.o
 .data          0x0000000000120104        0x0 binaries/rdsclose.o
 .data          0x0000000000120104        0x0 binaries/rdscomm.o
 .data          0x0000000000120104        0x0 binaries/rdscontrol.o
 .data          0x0000000000120104        0x0 binaries/rdsinit.o
 .data          0x0000000000120104        0x0 binaries/rdsopen.o
 .data          0x0000000000120104        0x0 binaries/rdsprocess.o
 .data          0x0000000000120104        0x0 binaries/rdsread.o
 .data          0x0000000000120104        0x0 binaries/rdswrite.o
 .data          0x0000000000120104        0x0 binaries/ramclose.o
 .data          0x0000000000120104        0x0 binaries/raminit.o
 .data          0x0000000000120104        0x0 binaries/ramopen.o
 .data          0x0000000000120104        0x0 binaries/ramread.o
 .data          0x0000000000120104        0x0 binaries/ramwrite.o
 .data          0x0000000000120104        0x0 binaries/lfdballoc.o
 .data          0x0000000000120104        0x0 binaries/lfdbfree.o
 .data          0x0000000000120104        0x0 binaries/lfflush.o
 .data          0x0000000000120104        0x0 binaries/lfgetmode.o
 .data          0x0000000000120104        0x0 binaries/lfiballoc.o
 .data          0x0000000000120104        0x0 binaries/lfibclear.o
 .data          0x0000000000120104        0x0 binaries/lfibget.o
 .data          0x0000000000120104        0x0 binaries/lfibput.o
 .data          0x0000000000120104        0x0 binaries/lflclose.o
 .data          0x0000000000120104        0x0 binaries/lflcontrol.o
 .data          0x0000000000120104        0x0 binaries/lflgetc.o
 .data          0x0000000000120104        0x0 binaries/lflinit.o
 .data          0x0000000000120104        0x0 binaries/lflputc.o
 .data          0x0000000000120104        0x0 binaries/lflread.o
 .data          0x0000000000120104        0x0 binaries/lflseek.o
 .data          0x0000000000120104        0x0 binaries/lflwrite.o
 .data          0x0000000000120104        0x0 binaries/lfscheck.o
 .data          0x0000000000120104        0x0 binaries/lfsckfmt.o
 .data          0x0000000000120104        0x0 binaries/lfscreate.o
 .data          0x0000000000120104        0x0 binaries/lfsetup.o
 .data          0x0000000000120104        0x0 binaries/lfsinit.o
 .data          0x0000000000120104        0x0 binaries/lfsopen.o
 .data          0x0000000000120104        0x0 binaries/lftruncate.o
 .data          0x0000000000120104        0x0 binaries/rflclose.o
 .data          0x0000000000120104        0x0 binaries/rflgetc.o
 .data          0x0000000000120104        0x0 binaries/rflinit.o
 .data          0x0000000000120104        0x0 binaries/rflputc.o
 .data          0x0000000000120104        0x0 binaries/rflread.o
 .data          0x0000000000120104        0x0 binaries/rflseek.o
 .data          0x0000000000120104        0x0 binaries/rflwrite.o
 .data          0x0000000000120104        0x0 binaries/rfscomm.o
 .data          0x0000000000120104        0x0 binaries/rfscontrol.o
 .data          0x0000000000120104        0x0 binaries/rfsgetmode.o
 .data          0x0000000000120104        0x0 binaries/rfsinit.o
 .data          0x0000000000120104        0x0 binaries/rfsndmsg.o
 .data          0x0000000000120104        0x0 binaries/rfsopen.o
 .data          0x0000000000120104        0x0 binaries/arp.o
 .data          0x0000000000120104        0x0 binaries/dhcp.o
 .data          0x0000000000120104        0x0 binaries/dns.o
 .data          0x0000000000120104        0x0 binaries/dot2ip.o
 .data          0x0000000000120104        0x0 binaries/hexdump.o
 .data          0x0000000000120104        0x4 binaries/icmp.o
 .data          0x0000000000120108        0x0 binaries/ip.o
 .data          0x0000000000120108        0x0 binaries/net.o
 .data          0x0000000000120108        0x0 binaries/pdump.o
 .data          0x0000000000120108        0x0 binaries/tftp.o
 .data          0x0000000000120108        0x4 binaries/udp.o
 .data          0x000000000012010c        0x0 binaries/addargs.o
 .data          0x000000000012010c        0x0 binaries/lexan.o
 .data          0x000000000012010c        0x4 binaries/shell.o
                0x000000000012010c                ncmd
 *fill*         0x0000000000120110       0x10 
 .data.rel.ro   0x0000000000120120       0xfc binaries/shell.o
                0x0000000000120120                cmdtab
 .data          0x000000000012021c        0x0 binaries/xsh_argecho.o
 .data          0x000000000012021c        0x0 binaries/xsh_arp.o
 .data          0x000000000012021c        0x0 binaries/xsh_cat.o
 .data          0x000000000012021c        0x0 binaries/xsh_clear.o
 .data          0x000000000012021c        0x0 binaries/xsh_date.o
 .data          0x000000000012021c        0x0 binaries/xsh_devdump.o
 .data          0x000000000012021c        0x0 binaries/xsh_echo.o
 .data          0x000000000012021c        0x0 binaries/xsh_exit.o
 .data          0x000000000012021c        0x0 binaries/xsh_help.o
 .data          0x000000000012021c        0x0 binaries/xsh_kill.o
 .data          0x000000000012021c        0x0 binaries/xsh_memdump.o
 .data          0x000000000012021c        0x0 binaries/xsh_memstat.o
 .data          0x000000000012021c        0x0 binaries/xsh_netinfo.o
 .data          0x000000000012021c        0x0 binaries/xsh_ping.o
 *fill*         0x000000000012021c        0x4 
 .data          0x0000000000120220       0x20 binaries/xsh_ps.o
 .data          0x0000000000120240        0x0 binaries/xsh_sleep.o
 .data          0x0000000000120240        0x0 binaries/xsh_udpdump.o
 .data          0x0000000000120240        0x0 binaries/xsh_udpecho.o
 .data          0x0000000000120240        0x0 binaries/xsh_udpserver.o
 .data          0x0000000000120240        0x0 binaries/xsh_uptime.o
 .data          0x0000000000120240        0x0 binaries/clkdisp.o
 .data          0x0000000000120240        0x0 binaries/ctxsw.o
 .data          0x0000000000120240        0x0 binaries/intr.o
 .data          0x0000000000120240        0x0 binaries/ttydispatch.o
 .data          0x0000000000120240        0x0 binaries/ethdispatch.o
                0x0000000000120240                edata = ABSOLUTE (.)
                0x0000000000121000                . = ALIGN (0x1000)
 *fill*         0x0000000000120240      0xdc0 

.got            0x0000000000121000        0x0
 .got           0x0000000000121000        0x0 binaries/start.o

.got.plt        0x0000000000121000        0xc
 .got.plt       0x0000000000121000        0xc binaries/start.o
                0x0000000000121000                _GLOBAL_OFFSET_TABLE_

.igot.plt       0x000000000012100c        0x0
 .igot.plt      0x000000000012100c        0x0 binaries/start.o

.bss            0x0000000000121020    0x1ffe0
                0x0000000000121020                bss = ABSOLUTE (.)
 *(.bss .bss.*)
 .bss           0x0000000000121020        0x0 binaries/start.o
 .bss           0x0000000000121020        0x0 binaries/ascdate.o
 .bss           0x0000000000121020        0x0 binaries/bufinit.o
 .bss           0x0000000000121020        0x0 binaries/chprio.o
 .bss           0x0000000000121020        0x0 binaries/clkhandler.o
 .bss           0x0000000000121020        0x4 binaries/clkinit.o
                0x0000000000121020                ctr1000
 .bss           0x0000000000121024        0x0 binaries/close.o
 .bss           0x0000000000121024        0x0 binaries/conf.o
 .bss           0x0000000000121024        0x0 binaries/control.o
 .bss           0x0000000000121024        0x0 binaries/create.o
 .bss           0x0000000000121024        0x4 binaries/early_imr.o
 .bss           0x0000000000121028        0x0 binaries/evec.o
 .bss           0x0000000000121028        0x0 binaries/exit.o
 .bss           0x0000000000121028        0x0 binaries/freebuf.o
 .bss           0x0000000000121028        0x0 binaries/freemem.o
 .bss           0x0000000000121028        0x0 binaries/getbuf.o
 .bss           0x0000000000121028        0x0 binaries/getc.o
 .bss           0x0000000000121028        0x0 binaries/getdev.o
 .bss           0x0000000000121028        0x0 binaries/getitem.o
 .bss           0x0000000000121028        0x0 binaries/getmem.o
 .bss           0x0000000000121028        0x0 binaries/getpid.o
 .bss           0x0000000000121028        0x0 binaries/getppid.o
 .bss           0x0000000000121028        0x0 binaries/getprio.o
 .bss           0x0000000000121028        0x0 binaries/getstk.o
 .bss           0x0000000000121028        0x0 binaries/getticks.o
 .bss           0x0000000000121028        0x0 binaries/gettime.o
 .bss           0x0000000000121028        0x0 binaries/gettmslice.o
 .bss           0x0000000000121028        0x0 binaries/getutime.o
 .bss           0x0000000000121028        0x0 binaries/init.o
 .bss           0x0000000000121028        0x0 binaries/initialize.o